
 RUN  v4.0.18 C:/tojiro/programming/AG/MyLogV2

··································································································································································xx

⎯⎯⎯⎯⎯⎯⎯ Failed Tests 2 ⎯⎯⎯⎯⎯⎯⎯

 FAIL  app/hooks/useCardList.test.tsx > useCardList > should allow updating a card in the list
AssertionError: expected { …(6) } to have property "updateCard"
 ❯ app/hooks/useCardList.test.tsx:41:32
     39|         });
     40| 
     41|         expect(result.current).toHaveProperty('updateCard');
       |                                ^
     42|         if ((result.current as any).updateCard) {
     43|             expect(result.current.cards[0].value).toBe('Updated');

⎯⎯⎯⎯⎯⎯⎯⎯⎯⎯⎯⎯⎯⎯⎯⎯⎯⎯⎯⎯⎯⎯⎯⎯[1/2]⎯

 FAIL  app/components/Header/HeaderStatus.test.tsx > HeaderStatus > displays gray line style when location is active
Error: expect(element).not.toHaveClass("text-purple-600")

Expected the element not to have class:
  text-purple-600
Received:
  p-1.5 rounded-full transition-all duration-300 bg-purple-100 text-purple-600
 ❯ app/components/Header/HeaderStatus.test.tsx:26:36
     24| 
     25|         // This test fails if code is unchanged (currently text-purple…
     26|         expect(locationButton).not.toHaveClass('text-purple-600');
       |                                    ^
     27|         expect(locationButton.className).toMatch(/text-slate-[0-9]+/);
     28| 

⎯⎯⎯⎯⎯⎯⎯⎯⎯⎯⎯⎯⎯⎯⎯⎯⎯⎯⎯⎯⎯⎯⎯⎯[2/2]⎯


 Test Files  2 failed | 27 passed (29)
      Tests  2 failed | 162 passed (164)
   Start at  12:24:46
   Duration  15.31s (transform 9.45s, setup 24.85s, import 41.94s, tests 12.46s, environment 133.62s)

